// Jest Snapshot v1, https://goo.gl/fbAQLP

exports[`will render 1`] = `
<View
  accessibilityComponentType={undefined}
  accessibilityLabel={undefined}
  accessibilityTraits={undefined}
  accessible={true}
  collapsable={undefined}
  hasTVPreferredFocus={undefined}
  hitSlop={undefined}
  isTVSelectable={true}
  nativeID={undefined}
  onLayout={undefined}
  onResponderGrant={[Function]}
  onResponderMove={[Function]}
  onResponderRelease={[Function]}
  onResponderTerminate={[Function]}
  onResponderTerminationRequest={[Function]}
  onStartShouldSetResponder={[Function]}
  style={
    Object {
      "opacity": 1,
    }
  }
  testID={undefined}
  tvParallaxProperties={undefined}
>
  <View
    style={
      Object {
        "backgroundColor": "#1e583f",
        "borderColor": "#193e2c",
        "borderRadius": 10,
        "borderWidth": 2,
        "flexDirection": "row",
        "justifyContent": "space-between",
        "marginBottom": 3,
        "marginHorizontal": 5,
        "marginTop": 3,
      }
    }
  >
    <View
      style={
        Object {
          "justifyContent": "space-between",
          "paddingLeft": 10,
          "paddingRight": 20,
          "width": "100%",
        }
      }
    >
      <View
        style={
          Object {
            "alignItems": "center",
            "flexDirection": "row",
          }
        }
      >
        <View
          style={
            Object {
              "justifyContent": "space-between",
              "width": "90%",
            }
          }
        >
          <Text
            accessible={true}
            allowFontScaling={true}
            ellipsizeMode="tail"
            style={
              Object {
                "color": "white",
                "fontSize": 20,
                "fontWeight": "bold",
                "textAlign": "center",
                "width": "100%",
              }
            }
          >
            test
          </Text>
          <View
            style={
              Object {
                "backgroundColor": "#193e2c",
                "borderColor": "#5fbd98",
                "borderRadius": 5,
                "borderWidth": 2,
                "justifyContent": "center",
                "overflow": "hidden",
                "padding": 1,
                "width": "100%",
              }
            }
          >
            <View
              style={
                Array [
                  Object {
                    "alignItems": "center",
                    "borderRadius": 3,
                    "flexDirection": "row",
                    "minHeight": 20,
                  },
                  Object {
                    "backgroundColor": "green",
                    "width": "10%",
                  },
                ]
              }
            />
            <View
              style={
                Object {
                  "alignItems": "center",
                  "justifyContent": "center",
                  "position": "absolute",
                  "width": "100%",
                }
              }
            >
              <Text
                accessible={true}
                allowFontScaling={true}
                ellipsizeMode="tail"
                style={
                  Array [
                    Object {
                      "alignSelf": "center",
                      "fontWeight": "bold",
                      "paddingHorizontal": 5,
                    },
                    Object {
                      "color": "white",
                    },
                  ]
                }
              >
                10
                /
                100
              </Text>
            </View>
          </View>
        </View>
        <View>
          <Text
            accessible={true}
            allowFontScaling={false}
            ellipsizeMode="tail"
            style={
              Array [
                Object {
                  "color": "green",
                  "fontSize": 50,
                },
                undefined,
                Object {
                  "fontFamily": "Material Design Icons",
                  "fontStyle": "normal",
                  "fontWeight": "normal",
                },
              ]
            }
          >
            ïš›
          </Text>
        </View>
      </View>
      <View
        style={
          Array [
            Object {
              "alignItems": "center",
              "backgroundColor": "#ffbcbc",
              "borderColor": "red",
              "borderWidth": 1,
              "height": 100,
              "justifyContent": "center",
              "margin": 10,
              "width": 300,
            },
            undefined,
          ]
        }
      >
        <Text
          accessible={true}
          allowFontScaling={true}
          ellipsizeMode="tail"
          style={
            Object {
              "color": "#333333",
              "margin": 20,
            }
          }
        >
          TouchableNativeFeedback is not supported on this platform!
        </Text>
      </View>
    </View>
  </View>
</View>
`;
